============================= test session starts =============================
platform win32 -- Python 3.13.2, pytest-9.0.2, pluggy-1.6.0 -- C:\Users\82108\AppData\Local\Programs\Python\Python313\python.exe
cachedir: .pytest_cache
rootdir: C:\Users\82108\Desktop\OpenMath\OpenMath\openmath-agents
configfile: pyproject.toml
plugins: anyio-4.13.0, langsmith-0.7.22
collecting ... collected 12 items

tests/test_agents.py::TestReactAgent::test_build_returns_compiled_graph PASSED [  8%]
tests/test_agents.py::TestReactAgent::test_invoke_structure SKIPPED      [ 16%]
tests/test_agents.py::TestGeneratorAgent::test_build_returns_compiled_graph PASSED [ 25%]
tests/test_agents.py::TestVerifierAgent::test_build_returns_compiled_graph PASSED [ 33%]
tests/test_agents.py::TestMultiAgentGraph::test_build_returns_compiled_graph PASSED [ 41%]
tests/test_sympy_tools.py::test_solve_quadratic PASSED                   [ 50%]
tests/test_sympy_tools.py::test_solve_linear PASSED                      [ 58%]
tests/test_sympy_tools.py::test_verify_correct PASSED                    [ 66%]
tests/test_sympy_tools.py::test_verify_incorrect PASSED                  [ 75%]
tests/test_sympy_tools.py::test_rational_mode PASSED                     [ 83%]
tests/test_sympy_tools.py::test_sqrt_mode PASSED                         [ 91%]
tests/test_sympy_tools.py::test_invalid_input PASSED                     [100%]

============================== warnings summary ===============================
..\..\..\..\AppData\Local\Programs\Python\Python313\Lib\site-packages\_pytest\config\__init__.py:1428
  C:\Users\82108\AppData\Local\Programs\Python\Python313\Lib\site-packages\_pytest\config\__init__.py:1428: PytestConfigWarning: Unknown config option: asyncio_mode
  
    self._warn_or_fail_if_strict(f"Unknown config option: {key}\n")

tests/test_agents.py::TestReactAgent::test_build_returns_compiled_graph
  C:\Users\82108\Desktop\OpenMath\OpenMath\openmath-agents\src\agents\react_agent.py:28: LangGraphDeprecatedSinceV10: create_react_agent has been moved to `langchain.agents`. Please update your import to `from langchain.agents import create_agent`. Deprecated in LangGraph V1.0 to be removed in V2.0.
    agent = create_react_agent(llm, tools=SYMPY_TOOLS)

-- Docs: https://docs.pytest.org/en/stable/how-to/capture-warnings.html
================== 11 passed, 1 skipped, 2 warnings in 4.37s ==================
